docker :  Image ptit-bigdata-webapp:local Building 
At line:1 char:478
+ ... tion $root; docker compose --profile web build webapp *> docs\evidenc ...
+                 ~~~~~~~~~~~~~~~~~~~~~~~~~~~~~~~~~~~~~~~~~~~~~~~~~~~~~~~~~
    + CategoryInfo          : NotSpecified: ( Image ptit-big...local Building :String) [], RemoteException
    + FullyQualifiedErrorId : NativeCommandError
 
#1 [internal] load local bake definitions
#1 reading from stdin 599B done
#1 DONE 0.0s

#2 [internal] load build definition from Dockerfile
#2 transferring dockerfile: 878B 0.0s done
#2 DONE 0.1s

#3 [internal] load metadata for docker.io/library/eclipse-temurin:21-jre
#3 ...

#4 [auth] library/node:pull token for registry-1.docker.io
#4 DONE 0.0s

#5 [auth] library/maven:pull token for registry-1.docker.io
#5 DONE 0.0s

#6 [auth] library/eclipse-temurin:pull token for registry-1.docker.io
#6 DONE 0.0s

#7 [internal] load metadata for docker.io/library/maven:3.9.11-eclipse-temurin-21
#7 ...

#8 [internal] load metadata for docker.io/library/node:24-alpine
#8 DONE 2.9s

#3 [internal] load metadata for docker.io/library/eclipse-temurin:21-jre
#3 DONE 2.9s

#7 [internal] load metadata for docker.io/library/maven:3.9.11-eclipse-temurin-21
#7 DONE 2.9s

#9 [internal] load .dockerignore
#9 transferring context: 91B done
#9 DONE 0.0s

#10 [internal] load build context
#10 DONE 0.0s

#11 [backend 1/7] FROM docker.io/library/maven:3.9.11-eclipse-temurin-21@sha256:6fdc855a6ed81d288ca7ca37ac6ff5e9308b612485c0801d70b25a858c83d237
#11 resolve docker.io/library/maven:3.9.11-eclipse-temurin-21@sha256:6fdc855a6ed81d288ca7ca37ac6ff5e9308b612485c0801d70b25a858c83d237 0.1s done
#11 DONE 0.1s

#12 [frontend 1/6] FROM docker.io/library/node:24-alpine@sha256:ebfe2f90462722a7a4de65e91990e97fe0d401c70e0e762c5b53302f905ec1c1
#12 resolve docker.io/library/node:24-alpine@sha256:ebfe2f90462722a7a4de65e91990e97fe0d401c70e0e762c5b53302f905ec1c1 0.1s done
#12 DONE 0.1s

#13 [stage-2 1/3] FROM docker.io/library/eclipse-temurin:21-jre@sha256:cff19e6215689161eb6162c11b86b0c60ddf802164f2eaf48d570f8fb79a36c5
#13 resolve docker.io/library/eclipse-temurin:21-jre@sha256:cff19e6215689161eb6162c11b86b0c60ddf802164f2eaf48d570f8fb79a36c5 0.1s done
#13 DONE 0.1s

#10 [internal] load build context
#10 transferring context: 177.04kB 0.1s done
#10 DONE 0.1s

#14 [frontend 2/6] WORKDIR /src
#14 CACHED

#15 [frontend 3/6] COPY frontend/package.json frontend/package-lock.json* ./
#15 DONE 0.1s

#16 [frontend 4/6] RUN npm ci || npm install
#16 3.850 npm warn deprecated whatwg-encoding@3.1.1: Use @exodus/bytes instead for a more spec-conformant and faster implementation
#16 13.01 
#16 13.01 added 164 packages, and audited 165 packages in 12s
#16 13.01 
#16 13.01 29 packages are looking for funding
#16 13.01   run `npm fund` for details
#16 13.03 
#16 13.03 6 vulnerabilities (4 moderate, 2 critical)
#16 13.03 
#16 13.03 To address all issues (including breaking changes), run:
#16 13.03   npm audit fix --force
#16 13.03 
#16 13.03 Run `npm audit` for details.
#16 13.03 npm warn install-scripts 1 package has install scripts not yet covered by allowScripts:
#16 13.03 npm warn install-scripts   esbuild@0.25.12 (postinstall: node install.js)
#16 13.03 npm warn install-scripts
#16 13.03 npm warn install-scripts Run `npm install-scripts ls` to review, or `npm install-scripts approve <pkg>` to allow.
#16 13.04 npm notice
#16 13.04 npm notice New major version of npm available! 11.19.0 -> 12.2.0
#16 13.04 npm notice Changelog: https://github.com/npm/cli/releases/tag/v12.2.0
#16 13.04 npm notice To update run: npm install -g npm@12.2.0
#16 13.04 npm notice
#16 DONE 13.9s

#17 [frontend 5/6] COPY frontend/ ./
#17 DONE 0.4s

#18 [frontend 6/6] RUN npm run build
#18 1.866 
#18 1.866 > revenue-webapp-frontend@1.0.0 build
#18 1.866 > tsc -b && vite build
#18 1.866 
#18 6.420 vite v6.4.4 building for production...
#18 6.510 transforming...
#18 24.88 ✓ 625 modules transformed.
#18 25.76 rendering chunks...
#18 25.84 computing gzip size...
#18 25.93 dist/index.html                                                      0.42 kB │ gzip:   0.30 kB
#18 25.93 dist/assets/jetbrains-mono-greek-400-normal-C190GLew.woff2           4.23 kB
#18 25.93 dist/assets/jetbrains-mono-cyrillic-400-normal-BEIGL1Tu.woff2        5.33 kB
#18 25.93 dist/assets/jetbrains-mono-vietnamese-400-normal-CqNFfHCs.woff       5.37 kB
#18 25.93 dist/assets/jetbrains-mono-greek-400-normal-B9oWc5Lo.woff            5.66 kB
#18 25.93 dist/assets/be-vietnam-pro-vietnamese-400-normal-BuGn0gnm.woff       6.57 kB
#18 25.93 dist/assets/be-vietnam-pro-vietnamese-600-normal-DkpCIyan.woff       6.88 kB
#18 25.93 dist/assets/be-vietnam-pro-vietnamese-500-normal-CfdwVo8-.woff       6.88 kB
#18 25.93 dist/assets/be-vietnam-pro-vietnamese-700-normal-By_5yT39.woff       6.89 kB
#18 25.93 dist/assets/jetbrains-mono-cyrillic-400-normal-ugxPyKxw.woff         6.98 kB
#18 25.93 dist/assets/jetbrains-mono-latin-ext-400-normal-Bc8Ftmh3.woff2       7.34 kB
#18 25.93 dist/assets/be-vietnam-pro-latin-ext-400-normal-DYBYyMQr.woff        8.90 kB
#18 25.93 dist/assets/be-vietnam-pro-latin-ext-700-normal-4Hjo2OtD.woff        9.19 kB
#18 25.93 dist/assets/be-vietnam-pro-latin-ext-500-normal-CK0UkkKf.woff        9.20 kB
#18 25.93 dist/assets/be-vietnam-pro-latin-ext-600-normal-BeUwKxhG.woff        9.22 kB
#18 25.93 dist/assets/jetbrains-mono-latin-ext-400-normal-fXTG6kC5.woff       10.13 kB
#18 25.93 dist/assets/be-vietnam-pro-vietnamese-400-normal-CRcqvyg1.woff2     11.53 kB
#18 25.93 dist/assets/be-vietnam-pro-vietnamese-500-normal-DREgrEoJ.woff2     12.17 kB
#18 25.93 dist/assets/be-vietnam-pro-vietnamese-600-normal-nyU-ZL2p.woff2     12.18 kB
#18 25.93 dist/assets/be-vietnam-pro-vietnamese-700-normal-Csr0PCuG.woff2     12.47 kB
#18 25.93 dist/assets/be-vietnam-pro-latin-ext-400-normal-CiZNW1ec.woff2      13.06 kB
#18 25.93 dist/assets/be-vietnam-pro-latin-ext-500-normal-h0Fp6aX0.woff2      13.55 kB
#18 25.93 dist/assets/be-vietnam-pro-latin-ext-600-normal-BNd8euf0.woff2      13.61 kB
#18 25.93 dist/assets/be-vietnam-pro-latin-ext-700-normal-C8_gqRu2.woff2      13.85 kB
#18 25.93 dist/assets/be-vietnam-pro-latin-400-normal-bXgqVju9.woff           16.43 kB
#18 25.93 dist/assets/be-vietnam-pro-latin-700-normal-C2EtzaOi.woff           16.91 kB
#18 25.93 dist/assets/be-vietnam-pro-latin-500-normal-BJkVuMHw.woff           17.00 kB
#18 25.93 dist/assets/be-vietnam-pro-latin-600-normal-5IO4e7bK.woff           17.02 kB
#18 25.93 dist/assets/be-vietnam-pro-latin-400-normal-PpnXBOrz.woff2          21.17 kB
#18 25.93 dist/assets/jetbrains-mono-latin-400-normal-V6pRDFza.woff2          21.17 kB
#18 25.93 dist/assets/be-vietnam-pro-latin-500-normal-B6LVzGNe.woff2          21.89 kB
#18 25.93 dist/assets/be-vietnam-pro-latin-600-normal-BZDkUTrt.woff2          22.03 kB
#18 25.93 dist/assets/be-vietnam-pro-latin-700-normal-DlW1Zbsh.woff2          22.15 kB
#18 25.93 dist/assets/jetbrains-mono-latin-400-normal-6-qcROiO.woff           27.50 kB
#18 25.93 dist/assets/index-Ck-PjgMm.css                                      25.32 kB │ gzip:  10.78 kB
#18 25.93 dist/assets/index-DhMRO3au.js                                    1,256.10 kB │ gzip: 415.37 kB
#18 25.94 
#18 25.94 (!) Some chunks are larger than 500 kB after minification. Consider:
#18 25.94 - Using dynamic import() to code-split the application
#18 25.94 - Use build.rollupOptions.output.manualChunks to improve chunking: https://rollupjs.org/configuration-options/#output-manualchunks
#18 25.94 - Adjust chunk size limit for this warning via build.chunkSizeWarningLimit.
#18 25.94 ✓ built in 19.48s
#18 DONE 26.9s

#19 [backend 3/7] COPY backend/pom.xml ./
#19 CACHED

#20 [backend 4/7] RUN mvn -B -q dependency:go-offline
#20 CACHED

#21 [backend 2/7] WORKDIR /src
#21 CACHED

#22 [backend 5/7] COPY backend/src ./src
#22 CACHED

#23 [backend 6/7] COPY --from=frontend /src/dist ./src/main/resources/static
#23 DONE 0.2s

#24 [backend 7/7] RUN mvn -B package
#24 4.154 [INFO] Scanning for projects...
#24 4.905 [INFO] 
#24 4.906 [INFO] -------------------< vn.edu.bigdata:revenue-webapp >--------------------
#24 4.906 [INFO] Building revenue-webapp 1.0.0
#24 4.907 [INFO]   from pom.xml
#24 4.909 [INFO] --------------------------------[ jar ]---------------------------------
#24 6.263 [INFO] Downloading from central: https://repo.maven.apache.org/maven2/org/jboss/logging/jboss-logging/3.6.3.Final/jboss-logging-3.6.3.Final.pom
#24 7.307 [INFO] Downloaded from central: https://repo.maven.apache.org/maven2/org/jboss/logging/jboss-logging/3.6.3.Final/jboss-logging-3.6.3.Final.pom (23 kB at 22 kB/s)
#24 7.324 [INFO] Downloading from central: https://repo.maven.apache.org/maven2/org/jboss/jboss-parent/52/jboss-parent-52.pom
#24 7.486 [INFO] Downloaded from central: https://repo.maven.apache.org/maven2/org/jboss/jboss-parent/52/jboss-parent-52.pom (102 kB at 627 kB/s)
#24 7.503 [INFO] Downloading from central: https://repo.maven.apache.org/maven2/com/fasterxml/classmate/1.7.3/classmate-1.7.3.pom
#24 7.566 [INFO] Downloaded from central: https://repo.maven.apache.org/maven2/com/fasterxml/classmate/1.7.3/classmate-1.7.3.pom (6.5 kB at 103 kB/s)
#24 7.571 [INFO] Downloading from central: https://repo.maven.apache.org/maven2/com/fasterxml/oss-parent/74/oss-parent-74.pom
#24 7.685 [INFO] Downloaded from central: https://repo.maven.apache.org/maven2/com/fasterxml/oss-parent/74/oss-parent-74.pom (24 kB at 209 kB/s)
#24 7.721 [INFO] Downloading from central: https://repo.maven.apache.org/maven2/commons-codec/commons-codec/1.18.0/commons-codec-1.18.0.pom
#24 7.775 [INFO] Downloaded from central: https://repo.maven.apache.org/maven2/commons-codec/commons-codec/1.18.0/commons-codec-1.18.0.pom (18 kB at 336 kB/s)
#24 7.779 [INFO] Downloading from central: https://repo.maven.apache.org/maven2/org/apache/commons/commons-parent/79/commons-parent-79.pom
#24 7.914 [INFO] Downloaded from central: https://repo.maven.apache.org/maven2/org/apache/commons/commons-parent/79/commons-parent-79.pom (77 kB at 574 kB/s)
#24 7.986 [INFO] Downloading from central: https://repo.maven.apache.org/maven2/net/bytebuddy/byte-buddy/1.17.8/byte-buddy-1.17.8.pom
#24 8.094 [INFO] Downloaded from central: https://repo.maven.apache.org/maven2/net/bytebuddy/byte-buddy/1.17.8/byte-buddy-1.17.8.pom (19 kB at 178 kB/s)
#24 8.107 [INFO] Downloading from central: https://repo.maven.apache.org/maven2/net/bytebuddy/byte-buddy-parent/1.17.8/byte-buddy-parent-1.17.8.pom
#24 8.214 [INFO] Downloaded from central: https://repo.maven.apache.org/maven2/net/bytebuddy/byte-buddy-parent/1.17.8/byte-buddy-parent-1.17.8.pom (66 kB at 622 kB/s)
#24 8.285 [INFO] Downloading from central: https://repo.maven.apache.org/maven2/net/bytebuddy/byte-buddy-agent/1.17.8/byte-buddy-agent-1.17.8.pom
#24 8.398 [INFO] Downloaded from central: https://repo.maven.apache.org/maven2/net/bytebuddy/byte-buddy-agent/1.17.8/byte-buddy-agent-1.17.8.pom (14 kB at 127 kB/s)
#24 8.466 [INFO] Downloading from central: https://repo.maven.apache.org/maven2/org/jboss/logging/jboss-logging/3.6.3.Final/jboss-logging-3.6.3.Final.jar
#24 8.644 [INFO] Downloaded from central: https://repo.maven.apache.org/maven2/org/jboss/logging/jboss-logging/3.6.3.Final/jboss-logging-3.6.3.Final.jar (63 kB at 354 kB/s)
#24 8.647 [INFO] Downloading from central: https://repo.maven.apache.org/maven2/com/fasterxml/classmate/1.7.3/classmate-1.7.3.jar
#24 8.652 [INFO] Downloading from central: https://repo.maven.apache.org/maven2/commons-codec/commons-codec/1.18.0/commons-codec-1.18.0.jar
#24 8.652 [INFO] Downloading from central: https://repo.maven.apache.org/maven2/org/slf4j/slf4j-api/2.0.18/slf4j-api-2.0.18.jar
#24 8.653 [INFO] Downloading from central: https://repo.maven.apache.org/maven2/net/bytebuddy/byte-buddy/1.17.8/byte-buddy-1.17.8.jar
#24 8.654 [INFO] Downloading from central: https://repo.maven.apache.org/maven2/net/bytebuddy/byte-buddy-agent/1.17.8/byte-buddy-agent-1.17.8.jar
#24 8.724 [INFO] Downloaded from central: https://repo.maven.apache.org/maven2/com/fasterxml/classmate/1.7.3/classmate-1.7.3.jar (68 kB at 853 kB/s)
#24 8.807 [INFO] Downloaded from central: https://repo.maven.apache.org/maven2/org/slf4j/slf4j-api/2.0.18/slf4j-api-2.0.18.jar (70 kB at 443 kB/s)
#24 9.318 [INFO] Downloaded from central: https://repo.maven.apache.org/maven2/net/bytebuddy/byte-buddy-agent/1.17.8/byte-buddy-agent-1.17.8.jar (367 kB at 551 kB/s)
#24 9.318 [INFO] Downloaded from central: https://repo.maven.apache.org/maven2/commons-codec/commons-codec/1.18.0/commons-codec-1.18.0.jar (373 kB at 555 kB/s)
#24 10.90 [INFO] Downloaded from central: https://repo.maven.apache.org/maven2/net/bytebuddy/byte-buddy/1.17.8/byte-buddy-1.17.8.jar (9.0 MB at 4.0 MB/s)
#24 10.92 [INFO] 
#24 10.92 [INFO] --- resources:3.3.1:resources (default-resources) @ revenue-webapp ---
#24 11.11 [INFO] Copying 1 resource from src/main/resources to target/classes
#24 11.13 [INFO] Copying 36 resources from src/main/resources to target/classes
#24 11.15 [INFO] 
#24 11.15 [INFO] --- compiler:3.14.1:compile (default-compile) @ revenue-webapp ---
#24 11.31 [INFO] Recompiling the module because of changed source code.
#24 11.32 [INFO] Compiling 13 source files with javac [debug parameters release 21] to target/classes
#24 13.37 [INFO] 
#24 13.37 [INFO] --- resources:3.3.1:testResources (default-testResources) @ revenue-webapp ---
#24 13.38 [INFO] skip non existing resourceDirectory /src/src/test/resources
#24 13.38 [INFO] 
#24 13.38 [INFO] --- compiler:3.14.1:testCompile (default-testCompile) @ revenue-webapp ---
#24 13.40 [INFO] Recompiling the module because of changed dependency.
#24 13.41 [INFO] Compiling 2 source files with javac [debug parameters release 21] to target/test-classes
#24 14.10 [INFO] 
#24 14.10 [INFO] --- surefire:3.5.6:test (default-test) @ revenue-webapp ---
#24 14.58 [INFO] Using auto detected provider org.apache.maven.surefire.junitplatform.JUnitPlatformProvider
#24 14.64 [INFO] Downloading from central: https://repo.maven.apache.org/maven2/org/apache/maven/surefire/surefire-junit-platform/3.5.6/surefire-junit-platform-3.5.6.pom
#24 14.75 [INFO] Downloaded from central: https://repo.maven.apache.org/maven2/org/apache/maven/surefire/surefire-junit-platform/3.5.6/surefire-junit-platform-3.5.6.pom (5.2 kB at 46 kB/s)
#24 14.76 [INFO] Downloading from central: https://repo.maven.apache.org/maven2/org/apache/maven/surefire/surefire-providers/3.5.6/surefire-providers-3.5.6.pom
#24 14.85 [INFO] Downloaded from central: https://repo.maven.apache.org/maven2/org/apache/maven/surefire/surefire-providers/3.5.6/surefire-providers-3.5.6.pom (2.5 kB at 26 kB/s)
#24 14.88 [INFO] Downloading from central: https://repo.maven.apache.org/maven2/org/apache/maven/surefire/common-java5/3.5.6/common-java5-3.5.6.pom
#24 14.95 [INFO] Downloaded from central: https://repo.maven.apache.org/maven2/org/apache/maven/surefire/common-java5/3.5.6/common-java5-3.5.6.pom (3.1 kB at 42 kB/s)
#24 14.97 [INFO] Downloading from central: https://repo.maven.apache.org/maven2/org/junit/platform/junit-platform-launcher/1.12.2/junit-platform-launcher-1.12.2.pom
#24 15.05 [INFO] Downloaded from central: https://repo.maven.apache.org/maven2/org/junit/platform/junit-platform-launcher/1.12.2/junit-platform-launcher-1.12.2.pom (3.0 kB at 40 kB/s)
#24 15.09 [INFO] Downloading from central: https://repo.maven.apache.org/maven2/org/apache/maven/surefire/surefire-junit-platform/3.5.6/surefire-junit-platform-3.5.6.jar
#24 15.16 [INFO] Downloaded from central: https://repo.maven.apache.org/maven2/org/apache/maven/surefire/surefire-junit-platform/3.5.6/surefire-junit-platform-3.5.6.jar (35 kB at 493 kB/s)
#24 15.16 [INFO] Downloading from central: https://repo.maven.apache.org/maven2/org/apache/maven/surefire/common-java5/3.5.6/common-java5-3.5.6.jar
#24 15.16 [INFO] Downloading from central: https://repo.maven.apache.org/maven2/org/junit/platform/junit-platform-launcher/1.12.2/junit-platform-launcher-1.12.2.jar
#24 15.28 [INFO] Downloaded from central: https://repo.maven.apache.org/maven2/org/apache/maven/surefire/common-java5/3.5.6/common-java5-3.5.6.jar (18 kB at 155 kB/s)
#24 15.34 [INFO] Downloaded from central: https://repo.maven.apache.org/maven2/org/junit/platform/junit-platform-launcher/1.12.2/junit-platform-launcher-1.12.2.jar (208 kB at 1.1 MB/s)
#24 15.36 [INFO] 
#24 15.36 [INFO] -------------------------------------------------------
#24 15.36 [INFO]  T E S T S
#24 15.36 [INFO] -------------------------------------------------------
#24 16.06 [INFO] Running vn.edu.bigdata.webapp.InferenceTest
#24 16.33 [INFO] Tests run: 4, Failures: 0, Errors: 0, Skipped: 0, Time elapsed: 0.249 s -- in vn.edu.bigdata.webapp.InferenceTest
#24 16.33 [INFO] Running vn.edu.bigdata.webapp.ServingParityTest
#24 16.36 [WARNING] Tests run: 3, Failures: 0, Errors: 0, Skipped: 3, Time elapsed: 0.037 s -- in vn.edu.bigdata.webapp.ServingParityTest
#24 16.39 [INFO] 
#24 16.39 [INFO] Results:
#24 16.39 [INFO] 
#24 16.39 [INFO] Tests run: 7, Failures: 0, Errors: 0, Skipped: 3
#24 16.39 [INFO] 
#24 16.39 [INFO] 
#24 16.39 [INFO] --- jar:3.4.2:jar (default-jar) @ revenue-webapp ---
#24 16.77 [INFO] Building jar: /src/target/revenue-webapp.jar
#24 16.88 [INFO] 
#24 16.88 [INFO] --- spring-boot:3.5.16:repackage (repackage) @ revenue-webapp ---
#24 17.56 [INFO] Replacing main artifact /src/target/revenue-webapp.jar with repackaged archive, adding nested dependencies in BOOT-INF/.
#24 17.56 [INFO] The original artifact has been renamed to /src/target/revenue-webapp.jar.original
#24 17.56 [INFO] ------------------------------------------------------------------------
#24 17.56 [INFO] BUILD SUCCESS
#24 17.56 [INFO] ------------------------------------------------------------------------
#24 17.56 [INFO] Total time:  13.481 s
#24 17.56 [INFO] Finished at: 2026-10-07T01:45:49Z
#24 17.56 [INFO] ------------------------------------------------------------------------
#24 DONE 18.0s

#25 [stage-2 2/3] WORKDIR /app
#25 CACHED

#26 [stage-2 3/3] COPY --from=backend /src/target/revenue-webapp.jar app.jar
#26 DONE 0.3s

#27 exporting to image
#27 exporting layers
#27 exporting layers 1.2s done
#27 exporting manifest sha256:8634ee646a5e540d5f15cb9765d8cc995892400491cabbcdb358e6ee9aae4252 0.1s done
#27 exporting config sha256:a0ab41f3300891adea0564eea178e98dd52c48cdfd2ed346dd9271c751786e2a 0.1s done
#27 exporting attestation manifest sha256:a08e4bc5354894026889285100d0327a0b76bd33b2d3edc1054ced49688e8a65 0.1s done
#27 exporting manifest list sha256:319d783d45ac5d12f07526039bc3ca3a46eadb2e59db3fd27469c5c5181e5268
#27 exporting manifest list sha256:319d783d45ac5d12f07526039bc3ca3a46eadb2e59db3fd27469c5c5181e5268 0.1s done
#27 naming to docker.io/library/ptit-bigdata-webapp:local done
#27 unpacking to docker.io/library/ptit-bigdata-webapp:local
#27 unpacking to docker.io/library/ptit-bigdata-webapp:local 0.3s done
#27 DONE 1.9s

#28 resolving provenance for metadata file
#28 DONE 0.1s
 Image ptit-bigdata-webapp:local Built 
